// Jest Snapshot v1, https://goo.gl/fbAQLP

exports[`testing Home component renders snapshot for InputForm component 1`] = `ShallowWrapper {}`;

exports[`testing inputform component renders snapshot for InputForm component 1`] = `ShallowWrapper {}`;
